Archive member included to satisfy reference by file (symbol)

c:/st/stm32cubeide_1.10.1/stm32cubeide/plugins/com.st.stm32cube.ide.mcu.externaltools.gnu-tools-for-stm32.10.3-2021.10.win32_1.0.0.202111181127/tools/bin/../lib/gcc/arm-none-eabi/10.3.1/../../../../arm-none-eabi/lib/thumb/v7e-m+fp/hard\libc_nano.a(lib_a-errno.o)
                              ./Core/Src/syscalls.o (__errno)
c:/st/stm32cubeide_1.10.1/stm32cubeide/plugins/com.st.stm32cube.ide.mcu.externaltools.gnu-tools-for-stm32.10.3-2021.10.win32_1.0.0.202111181127/tools/bin/../lib/gcc/arm-none-eabi/10.3.1/../../../../arm-none-eabi/lib/thumb/v7e-m+fp/hard\libc_nano.a(lib_a-exit.o)
                              c:/st/stm32cubeide_1.10.1/stm32cubeide/plugins/com.st.stm32cube.ide.mcu.externaltools.gnu-tools-for-stm32.10.3-2021.10.win32_1.0.0.202111181127/tools/bin/../lib/gcc/arm-none-eabi/10.3.1/../../../../arm-none-eabi/lib/thumb/v7e-m+fp/hard/crt0.o (exit)
c:/st/stm32cubeide_1.10.1/stm32cubeide/plugins/com.st.stm32cube.ide.mcu.externaltools.gnu-tools-for-stm32.10.3-2021.10.win32_1.0.0.202111181127/tools/bin/../lib/gcc/arm-none-eabi/10.3.1/../../../../arm-none-eabi/lib/thumb/v7e-m+fp/hard\libc_nano.a(lib_a-impure.o)
                              c:/st/stm32cubeide_1.10.1/stm32cubeide/plugins/com.st.stm32cube.ide.mcu.externaltools.gnu-tools-for-stm32.10.3-2021.10.win32_1.0.0.202111181127/tools/bin/../lib/gcc/arm-none-eabi/10.3.1/../../../../arm-none-eabi/lib/thumb/v7e-m+fp/hard\libc_nano.a(lib_a-exit.o) (_global_impure_ptr)
c:/st/stm32cubeide_1.10.1/stm32cubeide/plugins/com.st.stm32cube.ide.mcu.externaltools.gnu-tools-for-stm32.10.3-2021.10.win32_1.0.0.202111181127/tools/bin/../lib/gcc/arm-none-eabi/10.3.1/../../../../arm-none-eabi/lib/thumb/v7e-m+fp/hard\libc_nano.a(lib_a-init.o)
                              c:/st/stm32cubeide_1.10.1/stm32cubeide/plugins/com.st.stm32cube.ide.mcu.externaltools.gnu-tools-for-stm32.10.3-2021.10.win32_1.0.0.202111181127/tools/bin/../lib/gcc/arm-none-eabi/10.3.1/../../../../arm-none-eabi/lib/thumb/v7e-m+fp/hard/crt0.o (__libc_init_array)
c:/st/stm32cubeide_1.10.1/stm32cubeide/plugins/com.st.stm32cube.ide.mcu.externaltools.gnu-tools-for-stm32.10.3-2021.10.win32_1.0.0.202111181127/tools/bin/../lib/gcc/arm-none-eabi/10.3.1/../../../../arm-none-eabi/lib/thumb/v7e-m+fp/hard\libc_nano.a(lib_a-memset.o)
                              c:/st/stm32cubeide_1.10.1/stm32cubeide/plugins/com.st.stm32cube.ide.mcu.externaltools.gnu-tools-for-stm32.10.3-2021.10.win32_1.0.0.202111181127/tools/bin/../lib/gcc/arm-none-eabi/10.3.1/../../../../arm-none-eabi/lib/thumb/v7e-m+fp/hard/crt0.o (memset)
c:/st/stm32cubeide_1.10.1/stm32cubeide/plugins/com.st.stm32cube.ide.mcu.externaltools.gnu-tools-for-stm32.10.3-2021.10.win32_1.0.0.202111181127/tools/bin/../lib/gcc/arm-none-eabi/10.3.1/thumb/v7e-m+fp/hard\libgcc.a(_aeabi_uldivmod.o)
                              ./Core/Src/microstep_driver_controller.o (__aeabi_uldivmod)
c:/st/stm32cubeide_1.10.1/stm32cubeide/plugins/com.st.stm32cube.ide.mcu.externaltools.gnu-tools-for-stm32.10.3-2021.10.win32_1.0.0.202111181127/tools/bin/../lib/gcc/arm-none-eabi/10.3.1/thumb/v7e-m+fp/hard\libgcc.a(_udivmoddi4.o)
                              c:/st/stm32cubeide_1.10.1/stm32cubeide/plugins/com.st.stm32cube.ide.mcu.externaltools.gnu-tools-for-stm32.10.3-2021.10.win32_1.0.0.202111181127/tools/bin/../lib/gcc/arm-none-eabi/10.3.1/thumb/v7e-m+fp/hard\libgcc.a(_aeabi_uldivmod.o) (__udivmoddi4)
c:/st/stm32cubeide_1.10.1/stm32cubeide/plugins/com.st.stm32cube.ide.mcu.externaltools.gnu-tools-for-stm32.10.3-2021.10.win32_1.0.0.202111181127/tools/bin/../lib/gcc/arm-none-eabi/10.3.1/thumb/v7e-m+fp/hard\libgcc.a(_dvmd_tls.o)
                              c:/st/stm32cubeide_1.10.1/stm32cubeide/plugins/com.st.stm32cube.ide.mcu.externaltools.gnu-tools-for-stm32.10.3-2021.10.win32_1.0.0.202111181127/tools/bin/../lib/gcc/arm-none-eabi/10.3.1/thumb/v7e-m+fp/hard\libgcc.a(_aeabi_uldivmod.o) (__aeabi_ldiv0)

Discarded input sections

 .text          0x0000000000000000        0x0 c:/st/stm32cubeide_1.10.1/stm32cubeide/plugins/com.st.stm32cube.ide.mcu.externaltools.gnu-tools-for-stm32.10.3-2021.10.win32_1.0.0.202111181127/tools/bin/../lib/gcc/arm-none-eabi/10.3.1/thumb/v7e-m+fp/hard/crti.o
 .data          0x0000000000000000        0x0 c:/st/stm32cubeide_1.10.1/stm32cubeide/plugins/com.st.stm32cube.ide.mcu.externaltools.gnu-tools-for-stm32.10.3-2021.10.win32_1.0.0.202111181127/tools/bin/../lib/gcc/arm-none-eabi/10.3.1/thumb/v7e-m+fp/hard/crti.o
 .bss           0x0000000000000000        0x0 c:/st/stm32cubeide_1.10.1/stm32cubeide/plugins/com.st.stm32cube.ide.mcu.externaltools.gnu-tools-for-stm32.10.3-2021.10.win32_1.0.0.202111181127/tools/bin/../lib/gcc/arm-none-eabi/10.3.1/thumb/v7e-m+fp/hard/crti.o
[...]
Memory Configuration

Name             Origin             Length             Attributes
RAM              0x0000000020000000 0x0000000000050000 xrw
FLASH            0x0000000008000000 0x0000000000100000 xr
*default*        0x0000000000000000 0xffffffffffffffff

Linker script and memory map

LOAD c:/st/stm32cubeide_1.10.1/stm32cubeide/plugins/com.st.stm32cube.ide.mcu.externaltools.gnu-tools-for-stm32.10.3-2021.10.win32_1.0.0.202111181127/tools/bin/../lib/gcc/arm-none-eabi/10.3.1/thumb/v7e-m+fp/hard/crti.o
LOAD c:/st/stm32cubeide_1.10.1/stm32cubeide/plugins/com.st.stm32cube.ide.mcu.externaltools.gnu-tools-for-stm32.10.3-2021.10.win32_1.0.0.202111181127/tools/bin/../lib/gcc/arm-none-eabi/10.3.1/thumb/v7e-m+fp/hard/crtbegin.o
LOAD c:/st/stm32cubeide_1.10.1/stm32cubeide/plugins/com.st.stm32cube.ide.mcu.externaltools.gnu-tools-for-stm32.10.3-2021.10.win32_1.0.0.202111181127/tools/bin/../lib/gcc/arm-none-eabi/10.3.1/../../../../arm-none-eabi/lib/thumb/v7e-m+fp/hard/crt0.o
LOAD ./Core/Src/main.o
LOAD ./Core/Src/microstep_driver_controller.o
LOAD ./Core/Src/stm32f7xx_hal_msp.o
LOAD ./Core/Src/stm32f7xx_it.o
LOAD ./Core/Src/syscalls.o
LOAD ./Core/Src/sysmem.o
LOAD ./Core/Src/system_stm32f7xx.o
LOAD ./Core/Startup/startup_stm32f746zgtx.o
LOAD ./Drivers/STM32F7xx_HAL_Driver/Src/stm32f7xx_hal.o
LOAD ./Drivers/STM32F7xx_HAL_Driver/Src/stm32f7xx_hal_cortex.o
LOAD ./Drivers/STM32F7xx_HAL_Driver/Src/stm32f7xx_hal_dma.o
LOAD ./Drivers/STM32F7xx_HAL_Driver/Src/stm32f7xx_hal_dma_ex.o
LOAD ./Drivers/STM32F7xx_HAL_Driver/Src/stm32f7xx_hal_exti.o
LOAD ./Drivers/STM32F7xx_HAL_Driver/Src/stm32f7xx_hal_flash.o
LOAD ./Drivers/STM32F7xx_HAL_Driver/Src/stm32f7xx_hal_flash_ex.o
LOAD ./Drivers/STM32F7xx_HAL_Driver/Src/stm32f7xx_hal_gpio.o
LOAD ./Drivers/STM32F7xx_HAL_Driver/Src/stm32f7xx_hal_i2c.o
LOAD ./Drivers/STM32F7xx_HAL_Driver/Src/stm32f7xx_hal_i2c_ex.o
LOAD ./Drivers/STM32F7xx_HAL_Driver/Src/stm32f7xx_hal_pcd.o
LOAD ./Drivers/STM32F7xx_HAL_Driver/Src/stm32f7xx_hal_pcd_ex.o
LOAD ./Drivers/STM32F7xx_HAL_Driver/Src/stm32f7xx_hal_pwr.o
LOAD ./Drivers/STM32F7xx_HAL_Driver/Src/stm32f7xx_hal_pwr_ex.o
LOAD ./Drivers/STM32F7xx_HAL_Driver/Src/stm32f7xx_hal_rcc.o
LOAD ./Drivers/STM32F7xx_HAL_Driver/Src/stm32f7xx_hal_rcc_ex.o
LOAD ./Drivers/STM32F7xx_HAL_Driver/Src/stm32f7xx_hal_tim.o
LOAD ./Drivers/STM32F7xx_HAL_Driver/Src/stm32f7xx_hal_tim_ex.o
LOAD ./Drivers/STM32F7xx_HAL_Driver/Src/stm32f7xx_hal_uart.o
LOAD ./Drivers/STM32F7xx_HAL_Driver/Src/stm32f7xx_hal_uart_ex.o
LOAD ./Drivers/STM32F7xx_HAL_Driver/Src/stm32f7xx_ll_usb.o
START GROUP
LOAD c:/st/stm32cubeide_1.10.1/stm32cubeide/plugins/com.st.stm32cube.ide.mcu.externaltools.gnu-tools-for-stm32.10.3-2021.10.win32_1.0.0.202111181127/tools/bin/../lib/gcc/arm-none-eabi/10.3.1/../../../../arm-none-eabi/lib/thumb/v7e-m+fp/hard\libstdc++_nano.a
LOAD c:/st/stm32cubeide_1.10.1/stm32cubeide/plugins/com.st.stm32cube.ide.mcu.externaltools.gnu-tools-for-stm32.10.3-2021.10.win32_1.0.0.202111181127/tools/bin/../lib/gcc/arm-none-eabi/10.3.1/../../../../arm-none-eabi/lib/thumb/v7e-m+fp/hard\libsupc++_nano.a
END GROUP
LOAD c:/st/stm32cubeide_1.10.1/stm32cubeide/plugins/com.st.stm32cube.ide.mcu.externaltools.gnu-tools-for-stm32.10.3-2021.10.win32_1.0.0.202111181127/tools/bin/../lib/gcc/arm-none-eabi/10.3.1/../../../../arm-none-eabi/lib/thumb/v7e-m+fp/hard\libstdc++_nano.a
LOAD c:/st/stm32cubeide_1.10.1/stm32cubeide/plugins/com.st.stm32cube.ide.mcu.externaltools.gnu-tools-for-stm32.10.3-2021.10.win32_1.0.0.202111181127/tools/bin/../lib/gcc/arm-none-eabi/10.3.1/../../../../arm-none-eabi/lib/thumb/v7e-m+fp/hard\libm.a
LOAD c:/st/stm32cubeide_1.10.1/stm32cubeide/plugins/com.st.stm32cube.ide.mcu.externaltools.gnu-tools-for-stm32.10.3-2021.10.win32_1.0.0.202111181127/tools/bin/../lib/gcc/arm-none-eabi/10.3.1/../../../../arm-none-eabi/lib/thumb/v7e-m+fp/hard\libc_nano.a
START GROUP
LOAD c:/st/stm32cubeide_1.10.1/stm32cubeide/plugins/com.st.stm32cube.ide.mcu.externaltools.gnu-tools-for-stm32.10.3-2021.10.win32_1.0.0.202111181127/tools/bin/../lib/gcc/arm-none-eabi/10.3.1/thumb/v7e-m+fp/hard\libgcc.a
LOAD c:/st/stm32cubeide_1.10.1/stm32cubeide/plugins/com.st.stm32cube.ide.mcu.externaltools.gnu-tools-for-stm32.10.3-2021.10.win32_1.0.0.202111181127/tools/bin/../lib/gcc/arm-none-eabi/10.3.1/../../../../arm-none-eabi/lib/thumb/v7e-m+fp/hard\libc_nano.a
END GROUP
START GROUP
LOAD c:/st/stm32cubeide_1.10.1/stm32cubeide/plugins/com.st.stm32cube.ide.mcu.externaltools.gnu-tools-for-stm32.10.3-2021.10.win32_1.0.0.202111181127/tools/bin/../lib/gcc/arm-none-eabi/10.3.1/thumb/v7e-m+fp/hard\libgcc.a
LOAD c:/st/stm32cubeide_1.10.1/stm32cubeide/plugins/com.st.stm32cube.ide.mcu.externaltools.gnu-tools-for-stm32.10.3-2021.10.win32_1.0.0.202111181127/tools/bin/../lib/gcc/arm-none-eabi/10.3.1/../../../../arm-none-eabi/lib/thumb/v7e-m+fp/hard\libc_nano.a
LOAD c:/st/stm32cubeide_1.10.1/stm32cubeide/plugins/com.st.stm32cube.ide.mcu.externaltools.gnu-tools-for-stm32.10.3-2021.10.win32_1.0.0.202111181127/tools/bin/../lib/gcc/arm-none-eabi/10.3.1/../../../../arm-none-eabi/lib/thumb/v7e-m+fp/hard\libnosys.a
END GROUP
START GROUP
LOAD c:/st/stm32cubeide_1.10.1/stm32cubeide/plugins/com.st.stm32cube.ide.mcu.externaltools.gnu-tools-for-stm32.10.3-2021.10.win32_1.0.0.202111181127/tools/bin/../lib/gcc/arm-none-eabi/10.3.1/thumb/v7e-m+fp/hard\libgcc.a
LOAD c:/st/stm32cubeide_1.10.1/stm32cubeide/plugins/com.st.stm32cube.ide.mcu.externaltools.gnu-tools-for-stm32.10.3-2021.10.win32_1.0.0.202111181127/tools/bin/../lib/gcc/arm-none-eabi/10.3.1/../../../../arm-none-eabi/lib/thumb/v7e-m+fp/hard\libc_nano.a
LOAD c:/st/stm32cubeide_1.10.1/stm32cubeide/plugins/com.st.stm32cube.ide.mcu.externaltools.gnu-tools-for-stm32.10.3-2021.10.win32_1.0.0.202111181127/tools/bin/../lib/gcc/arm-none-eabi/10.3.1/../../../../arm-none-eabi/lib/thumb/v7e-m+fp/hard\libnosys.a
END GROUP
LOAD c:/st/stm32cubeide_1.10.1/stm32cubeide/plugins/com.st.stm32cube.ide.mcu.externaltools.gnu-tools-for-stm32.10.3-2021.10.win32_1.0.0.202111181127/tools/bin/../lib/gcc/arm-none-eabi/10.3.1/thumb/v7e-m+fp/hard/crtend.o
LOAD c:/st/stm32cubeide_1.10.1/stm32cubeide/plugins/com.st.stm32cube.ide.mcu.externaltools.gnu-tools-for-stm32.10.3-2021.10.win32_1.0.0.202111181127/tools/bin/../lib/gcc/arm-none-eabi/10.3.1/thumb/v7e-m+fp/hard/crtn.o
                0x0000000020050000                _estack = (ORIGIN (RAM) + LENGTH (RAM))
                0x0000000000000200                _Min_Heap_Size = 0x200
                0x0000000000000400                _Min_Stack_Size = 0x400

.isr_vector     0x0000000008000000      0x1c8
                0x0000000008000000                . = ALIGN (0x4)
 *(.isr_vector)
 .isr_vector    0x0000000008000000      0x1c8 ./Core/Startup/startup_stm32f746zgtx.o
                0x0000000008000000                g_pfnVectors
                0x00000000080001c8                . = ALIGN (0x4)

.text           0x00000000080001c8     0x3e08
                0x00000000080001c8                . = ALIGN (0x4)
 *(.text)
 .text          0x00000000080001c8       0x40 c:/st/stm32cubeide_1.10.1/stm32cubeide/plugins/com.st.stm32cube.ide.mcu.externaltools.gnu-tools-for-stm32.10.3-2021.10.win32_1.0.0.202111181127/tools/bin/../lib/gcc/arm-none-eabi/10.3.1/thumb/v7e-m+fp/hard/crtbegin.o
 .text          0x0000000008000208       0x30 c:/st/stm32cubeide_1.10.1/stm32cubeide/plugins/com.st.stm32cube.ide.mcu.externaltools.gnu-tools-for-stm32.10.3-2021.10.win32_1.0.0.202111181127/tools/bin/../lib/gcc/arm-none-eabi/10.3.1/thumb/v7e-m+fp/hard\libgcc.a(_aeabi_uldivmod.o)
                0x0000000008000208                __aeabi_uldivmod
 .text          0x0000000008000238      0x2d0 c:/st/stm32cubeide_1.10.1/stm32cubeide/plugins/com.st.stm32cube.ide.mcu.externaltools.gnu-tools-for-stm32.10.3-2021.10.win32_1.0.0.202111181127/tools/bin/../lib/gcc/arm-none-eabi/10.3.1/thumb/v7e-m+fp/hard\libgcc.a(_udivmoddi4.o)
                0x0000000008000238                __udivmoddi4
 .text          0x0000000008000508        0x4 c:/st/stm32cubeide_1.10.1/stm32cubeide/plugins/com.st.stm32cube.ide.mcu.externaltools.gnu-tools-for-stm32.10.3-2021.10.win32_1.0.0.202111181127/tools/bin/../lib/gcc/arm-none-eabi/10.3.1/thumb/v7e-m+fp/hard\libgcc.a(_dvmd_tls.o)
                0x0000000008000508                __aeabi_idiv0
                0x0000000008000508                __aeabi_ldiv0
 *(.text*)
 .text.main     0x000000000800050c       0xe4 ./Core/Src/main.o
                0x000000000800050c                main
 .text._Z18SystemClock_Configv
                0x00000000080005f0       0xe4 ./Core/Src/main.o
                0x00000000080005f0                SystemClock_Config()
 .text._ZL12MX_TIM1_Initv
                0x00000000080006d4       0xc4 ./Core/Src/main.o
 .text._ZL19MX_USART3_UART_Initv
                0x0000000008000798       0x68 ./Core/Src/main.o
 .text._ZL22MX_USB_OTG_FS_PCD_Initv
                0x0000000008000800       0x64 ./Core/Src/main.o
 .text._ZL12MX_GPIO_Initv
                0x0000000008000864      0x210 ./Core/Src/main.o
 .text.Error_Handler
                0x0000000008000a74        0xa ./Core/Src/main.o
                0x0000000008000a74                Error_Handler
 .text._ZN25MicrostepDriverControllerC2ERKNS_13SpecificationER17TIM_HandleTypeDefRKNS_13GPIO_Pin_PairES7_
                0x0000000008000a7e       0x5e ./Core/Src/microstep_driver_controller.o
                0x0000000008000a7e                MicrostepDriverController::MicrostepDriverController(MicrostepDriverController::Specification const&, TIM_HandleTypeDef&, MicrostepDriverController::GPIO_Pin_Pair const&, MicrostepDriverController::GPIO_Pin_Pair const&)
                0x0000000008000a7e                MicrostepDriverController::MicrostepDriverController(MicrostepDriverController::Specification const&, TIM_HandleTypeDef&, MicrostepDriverController::GPIO_Pin_Pair const&, MicrostepDriverController::GPIO_Pin_Pair const&)
 .text._ZN25MicrostepDriverController9set_speedEt
                0x0000000008000adc       0x4c ./Core/Src/microstep_driver_controller.o
                0x0000000008000adc                MicrostepDriverController::set_speed(unsigned short)
 .text._ZN25MicrostepDriverController13set_directionENS_9DirectionE
                0x0000000008000b28       0x3a ./Core/Src/microstep_driver_controller.o
                0x0000000008000b28                MicrostepDriverController::set_direction(MicrostepDriverController::Direction)
 .text._ZN25MicrostepDriverController10send_pulseEt
                0x0000000008000b62       0xc4 ./Core/Src/microstep_driver_controller.o
                0x0000000008000b62                MicrostepDriverController::send_pulse(unsigned short)
 .text._ZN25MicrostepDriverController7u_delayEy
                0x0000000008000c26       0x46 ./Core/Src/microstep_driver_controller.o
                0x0000000008000c26                MicrostepDriverController::u_delay(unsigned long long)
 .text._ZSt3maxIyERKT_S2_S2_
                0x0000000008000c6c       0x30 ./Core/Src/microstep_driver_controller.o
                0x0000000008000c6c                unsigned long long const& std::max<unsigned long long>(unsigned long long const&, unsigned long long const&)
 .text.HAL_MspInit
                0x0000000008000c9c       0x48 ./Core/Src/stm32f7xx_hal_msp.o
                0x0000000008000c9c                HAL_MspInit
 .text.HAL_TIM_Base_MspInit
                0x0000000008000ce4       0x40 ./Core/Src/stm32f7xx_hal_msp.o
                0x0000000008000ce4                HAL_TIM_Base_MspInit
 .text.HAL_UART_MspInit
                0x0000000008000d24       0xc0 ./Core/Src/stm32f7xx_hal_msp.o
                0x0000000008000d24                HAL_UART_MspInit
 .text.HAL_PCD_MspInit
                0x0000000008000de4       0xf4 ./Core/Src/stm32f7xx_hal_msp.o
                0x0000000008000de4                HAL_PCD_MspInit
 .text.NMI_Handler
                0x0000000008000ed8        0x6 ./Core/Src/stm32f7xx_it.o
                0x0000000008000ed8                NMI_Handler
 .text.HardFault_Handler
                0x0000000008000ede        0x6 ./Core/Src/stm32f7xx_it.o
                0x0000000008000ede                HardFault_Handler
 .text.MemManage_Handler
                0x0000000008000ee4        0x6 ./Core/Src/stm32f7xx_it.o
                0x0000000008000ee4                MemManage_Handler
 .text.BusFault_Handler
                0x0000000008000eea        0x6 ./Core/Src/stm32f7xx_it.o
                0x0000000008000eea                BusFault_Handler
 .text.UsageFault_Handler
                0x0000000008000ef0        0x6 ./Core/Src/stm32f7xx_it.o
                0x0000000008000ef0                UsageFault_Handler
 .text.SVC_Handler
                0x0000000008000ef6        0xe ./Core/Src/stm32f7xx_it.o
                0x0000000008000ef6                SVC_Handler
 .text.DebugMon_Handler
                0x0000000008000f04        0xe ./Core/Src/stm32f7xx_it.o
                0x0000000008000f04                DebugMon_Handler
 .text.PendSV_Handler
                0x0000000008000f12        0xe ./Core/Src/stm32f7xx_it.o
                0x0000000008000f12                PendSV_Handler
 .text.SysTick_Handler
                0x0000000008000f20        0xc ./Core/Src/stm32f7xx_it.o
                0x0000000008000f20                SysTick_Handler
 .text.SystemInit
                0x0000000008000f2c       0x24 ./Core/Src/system_stm32f7xx.o
                0x0000000008000f2c                SystemInit
 .text.Reset_Handler
                0x0000000008000f50       0x50 ./Core/Startup/startup_stm32f746zgtx.o
                0x0000000008000f50                Reset_Handler
 .text.Default_Handler
                0x0000000008000fa0        0x2 ./Core/Startup/startup_stm32f746zgtx.o
                0x0000000008000fa0                RTC_Alarm_IRQHandler
                0x0000000008000fa0                EXTI2_IRQHandler
                0x0000000008000fa0                TIM8_CC_IRQHandler
                0x0000000008000fa0                UART8_IRQHandler
                0x0000000008000fa0                SPI4_IRQHandler
                0x0000000008000fa0                TIM1_CC_IRQHandler
                0x0000000008000fa0                DMA2_Stream5_IRQHandler
                0x0000000008000fa0                DMA1_Stream5_IRQHandler
                0x0000000008000fa0                PVD_IRQHandler
                0x0000000008000fa0                TAMP_STAMP_IRQHandler
                0x0000000008000fa0                CAN2_RX1_IRQHandler
                0x0000000008000fa0                EXTI3_IRQHandler
                0x0000000008000fa0                TIM8_TRG_COM_TIM14_IRQHandler
                0x0000000008000fa0                TIM1_UP_TIM10_IRQHandler
                0x0000000008000fa0                TIM8_UP_TIM13_IRQHandler
                0x0000000008000fa0                I2C3_ER_IRQHandler
                0x0000000008000fa0                EXTI0_IRQHandler
                0x0000000008000fa0                I2C2_EV_IRQHandler
                0x0000000008000fa0                DMA1_Stream2_IRQHandler
                0x0000000008000fa0                CAN1_RX0_IRQHandler
                0x0000000008000fa0                FPU_IRQHandler
                0x0000000008000fa0                OTG_HS_WKUP_IRQHandler
                0x0000000008000fa0                LTDC_ER_IRQHandler
                0x0000000008000fa0                CAN2_SCE_IRQHandler
                0x0000000008000fa0                DMA2_Stream2_IRQHandler
                0x0000000008000fa0                SPI1_IRQHandler
                0x0000000008000fa0                TIM6_DAC_IRQHandler
                0x0000000008000fa0                TIM1_BRK_TIM9_IRQHandler
                0x0000000008000fa0                DCMI_IRQHandler
                0x0000000008000fa0                CAN2_RX0_IRQHandler
                0x0000000008000fa0                DMA2_Stream3_IRQHandler
                0x0000000008000fa0                SAI2_IRQHandler
                0x0000000008000fa0                USART6_IRQHandler
                0x0000000008000fa0                USART3_IRQHandler
                0x0000000008000fa0                CAN1_RX1_IRQHandler
                0x0000000008000fa0                UART5_IRQHandler
                0x0000000008000fa0                DMA2_Stream0_IRQHandler
                0x0000000008000fa0                TIM4_IRQHandler
                0x0000000008000fa0                QUADSPI_IRQHandler
                0x0000000008000fa0                I2C1_EV_IRQHandler
                0x0000000008000fa0                DMA1_Stream6_IRQHandler
                0x0000000008000fa0                DMA1_Stream1_IRQHandler
                0x0000000008000fa0                UART4_IRQHandler
                0x0000000008000fa0                TIM3_IRQHandler
                0x0000000008000fa0                RCC_IRQHandler
                0x0000000008000fa0                TIM8_BRK_TIM12_IRQHandler
                0x0000000008000fa0                Default_Handler
                0x0000000008000fa0                CEC_IRQHandler
                0x0000000008000fa0                EXTI15_10_IRQHandler
                0x0000000008000fa0                ADC_IRQHandler
                0x0000000008000fa0                DMA1_Stream7_IRQHandler
                0x0000000008000fa0                SPI5_IRQHandler
                0x0000000008000fa0                TIM7_IRQHandler
                0x0000000008000fa0                SDMMC1_IRQHandler
                0x0000000008000fa0                CAN2_TX_IRQHandler
                0x0000000008000fa0                TIM5_IRQHandler
                0x0000000008000fa0                DMA2_Stream7_IRQHandler
                0x0000000008000fa0                I2C3_EV_IRQHandler
                0x0000000008000fa0                EXTI9_5_IRQHandler
                0x0000000008000fa0                RTC_WKUP_IRQHandler
                0x0000000008000fa0                LTDC_IRQHandler
                0x0000000008000fa0                ETH_WKUP_IRQHandler
                0x0000000008000fa0                SPDIF_RX_IRQHandler
                0x0000000008000fa0                SPI2_IRQHandler
                0x0000000008000fa0                OTG_HS_EP1_IN_IRQHandler
                0x0000000008000fa0                DMA1_Stream0_IRQHandler
                0x0000000008000fa0                CAN1_TX_IRQHandler
                0x0000000008000fa0                EXTI4_IRQHandler
                0x0000000008000fa0                RNG_IRQHandler
                0x0000000008000fa0                ETH_IRQHandler
                0x0000000008000fa0                OTG_HS_EP1_OUT_IRQHandler
                0x0000000008000fa0                WWDG_IRQHandler
                0x0000000008000fa0                SPI6_IRQHandler
                0x0000000008000fa0                I2C4_EV_IRQHandler
                0x0000000008000fa0                TIM2_IRQHandler
                0x0000000008000fa0                OTG_FS_WKUP_IRQHandler
                0x0000000008000fa0                TIM1_TRG_COM_TIM11_IRQHandler
                0x0000000008000fa0                OTG_HS_IRQHandler
                0x0000000008000fa0                DMA2D_IRQHandler
                0x0000000008000fa0                EXTI1_IRQHandler
                0x0000000008000fa0                UART7_IRQHandler
                0x0000000008000fa0                USART2_IRQHandler
                0x0000000008000fa0                I2C2_ER_IRQHandler
                0x0000000008000fa0                DMA2_Stream1_IRQHandler
                0x0000000008000fa0                CAN1_SCE_IRQHandler
                0x0000000008000fa0                FLASH_IRQHandler
                0x0000000008000fa0                DMA2_Stream4_IRQHandler
                0x0000000008000fa0                USART1_IRQHandler
                0x0000000008000fa0                OTG_FS_IRQHandler
                0x0000000008000fa0                SPI3_IRQHandler
                0x0000000008000fa0                DMA1_Stream4_IRQHandler
                0x0000000008000fa0                I2C1_ER_IRQHandler
                0x0000000008000fa0                FMC_IRQHandler
                0x0000000008000fa0                LPTIM1_IRQHandler
                0x0000000008000fa0                I2C4_ER_IRQHandler
                0x0000000008000fa0                DMA2_Stream6_IRQHandler
                0x0000000008000fa0                SAI1_IRQHandler
                0x0000000008000fa0                DMA1_Stream3_IRQHandler
 .text.HAL_Init
                0x0000000008000fa2       0x1a ./Drivers/STM32F7xx_HAL_Driver/Src/stm32f7xx_hal.o
                0x0000000008000fa2                HAL_Init
 .text.HAL_InitTick
                0x0000000008000fbc       0x60 ./Drivers/STM32F7xx_HAL_Driver/Src/stm32f7xx_hal.o
                0x0000000008000fbc                HAL_InitTick
 .text.HAL_IncTick
                0x000000000800101c       0x28 ./Drivers/STM32F7xx_HAL_Driver/Src/stm32f7xx_hal.o
                0x000000000800101c                HAL_IncTick
 .text.HAL_GetTick
                0x0000000008001044       0x18 ./Drivers/STM32F7xx_HAL_Driver/Src/stm32f7xx_hal.o
                0x0000000008001044                HAL_GetTick
 .text.HAL_Delay
                0x000000000800105c       0x48 ./Drivers/STM32F7xx_HAL_Driver/Src/stm32f7xx_hal.o
                0x000000000800105c                HAL_Delay
 .text.__NVIC_SetPriorityGrouping
                0x00000000080010a4       0x48 ./Drivers/STM32F7xx_HAL_Driver/Src/stm32f7xx_hal_cortex.o
 .text.__NVIC_GetPriorityGrouping
                0x00000000080010ec       0x1c ./Drivers/STM32F7xx_HAL_Driver/Src/stm32f7xx_hal_cortex.o
 .text.__NVIC_SetPriority
                0x0000000008001108       0x54 ./Drivers/STM32F7xx_HAL_Driver/Src/stm32f7xx_hal_cortex.o
 .text.NVIC_EncodePriority
                0x000000000800115c       0x66 ./Drivers/STM32F7xx_HAL_Driver/Src/stm32f7xx_hal_cortex.o
 *fill*         0x00000000080011c2        0x2 
 .text.SysTick_Config
                0x00000000080011c4       0x44 ./Drivers/STM32F7xx_HAL_Driver/Src/stm32f7xx_hal_cortex.o
 .text.HAL_NVIC_SetPriorityGrouping
                0x0000000008001208       0x16 ./Drivers/STM32F7xx_HAL_Driver/Src/stm32f7xx_hal_cortex.o
                0x0000000008001208                HAL_NVIC_SetPriorityGrouping
 .text.HAL_NVIC_SetPriority
                0x000000000800121e       0x38 ./Drivers/STM32F7xx_HAL_Driver/Src/stm32f7xx_hal_cortex.o
                0x000000000800121e                HAL_NVIC_SetPriority
 .text.HAL_SYSTICK_Config
                0x0000000008001256       0x18 ./Drivers/STM32F7xx_HAL_Driver/Src/stm32f7xx_hal_cortex.o
                0x0000000008001256                HAL_SYSTICK_Config
 *fill*         0x000000000800126e        0x2 
 .text.HAL_GPIO_Init
                0x0000000008001270      0x358 ./Drivers/STM32F7xx_HAL_Driver/Src/stm32f7xx_hal_gpio.o
                0x0000000008001270                HAL_GPIO_Init
 .text.HAL_GPIO_WritePin
                0x00000000080015c8       0x32 ./Drivers/STM32F7xx_HAL_Driver/Src/stm32f7xx_hal_gpio.o
                0x00000000080015c8                HAL_GPIO_WritePin
 .text.HAL_PCD_Init
                0x00000000080015fa      0x248 ./Drivers/STM32F7xx_HAL_Driver/Src/stm32f7xx_hal_pcd.o
                0x00000000080015fa                HAL_PCD_Init
 *fill*         0x0000000008001842        0x2 
 .text.HAL_PCDEx_ActivateLPM
                0x0000000008001844       0x48 ./Drivers/STM32F7xx_HAL_Driver/Src/stm32f7xx_hal_pcd_ex.o
                0x0000000008001844                HAL_PCDEx_ActivateLPM
 .text.HAL_PWR_EnableBkUpAccess
                0x000000000800188c       0x20 ./Drivers/STM32F7xx_HAL_Driver/Src/stm32f7xx_hal_pwr.o
                0x000000000800188c                HAL_PWR_EnableBkUpAccess
 .text.HAL_RCC_OscConfig
                0x00000000080018ac      0x548 ./Drivers/STM32F7xx_HAL_Driver/Src/stm32f7xx_hal_rcc.o
                0x00000000080018ac                HAL_RCC_OscConfig
 .text.HAL_RCC_ClockConfig
                0x0000000008001df4      0x1d8 ./Drivers/STM32F7xx_HAL_Driver/Src/stm32f7xx_hal_rcc.o
                0x0000000008001df4                HAL_RCC_ClockConfig
 .text.HAL_RCC_GetSysClockFreq
                0x0000000008001fcc      0x20c ./Drivers/STM32F7xx_HAL_Driver/Src/stm32f7xx_hal_rcc.o
                0x0000000008001fcc                HAL_RCC_GetSysClockFreq
 .text.HAL_RCC_GetHCLKFreq
                0x00000000080021d8       0x18 ./Drivers/STM32F7xx_HAL_Driver/Src/stm32f7xx_hal_rcc.o
                0x00000000080021d8                HAL_RCC_GetHCLKFreq
 .text.HAL_RCC_GetPCLK1Freq
                0x00000000080021f0       0x28 ./Drivers/STM32F7xx_HAL_Driver/Src/stm32f7xx_hal_rcc.o
                0x00000000080021f0                HAL_RCC_GetPCLK1Freq
 .text.HAL_RCC_GetPCLK2Freq
                0x0000000008002218       0x28 ./Drivers/STM32F7xx_HAL_Driver/Src/stm32f7xx_hal_rcc.o
                0x0000000008002218                HAL_RCC_GetPCLK2Freq
 .text.HAL_RCCEx_PeriphCLKConfig
                0x0000000008002240      0x7e0 ./Drivers/STM32F7xx_HAL_Driver/Src/stm32f7xx_hal_rcc_ex.o
                0x0000000008002240                HAL_RCCEx_PeriphCLKConfig
 .text.HAL_TIM_Base_Init
                0x0000000008002a20       0xae ./Drivers/STM32F7xx_HAL_Driver/Src/stm32f7xx_hal_tim.o
                0x0000000008002a20                HAL_TIM_Base_Init
 *fill*         0x0000000008002ace        0x2 
 .text.HAL_TIM_Base_Start
                0x0000000008002ad0       0xe0 ./Drivers/STM32F7xx_HAL_Driver/Src/stm32f7xx_hal_tim.o
                0x0000000008002ad0                HAL_TIM_Base_Start
 .text.HAL_TIM_ConfigClockSource
                0x0000000008002bb0      0x194 ./Drivers/STM32F7xx_HAL_Driver/Src/stm32f7xx_hal_tim.o
                0x0000000008002bb0                HAL_TIM_ConfigClockSource
 .text.TIM_Base_SetConfig
                0x0000000008002d44      0x140 ./Drivers/STM32F7xx_HAL_Driver/Src/stm32f7xx_hal_tim.o
                0x0000000008002d44                TIM_Base_SetConfig
 .text.TIM_TI1_ConfigInputStage
                0x0000000008002e84       0x5e ./Drivers/STM32F7xx_HAL_Driver/Src/stm32f7xx_hal_tim.o
 .text.TIM_TI2_ConfigInputStage
                0x0000000008002ee2       0x60 ./Drivers/STM32F7xx_HAL_Driver/Src/stm32f7xx_hal_tim.o
 .text.TIM_ITRx_SetConfig
                0x0000000008002f42       0x36 ./Drivers/STM32F7xx_HAL_Driver/Src/stm32f7xx_hal_tim.o
 .text.TIM_ETR_SetConfig
                0x0000000008002f78       0x40 ./Drivers/STM32F7xx_HAL_Driver/Src/stm32f7xx_hal_tim.o
                0x0000000008002f78                TIM_ETR_SetConfig
 .text.HAL_TIMEx_MasterConfigSynchronization
                0x0000000008002fb8      0x11c ./Drivers/STM32F7xx_HAL_Driver/Src/stm32f7xx_hal_tim_ex.o
                0x0000000008002fb8                HAL_TIMEx_MasterConfigSynchronization
 .text.HAL_UART_Init
                0x00000000080030d4       0x9c ./Drivers/STM32F7xx_HAL_Driver/Src/stm32f7xx_hal_uart.o
                0x00000000080030d4                HAL_UART_Init
 .text.UART_SetConfig
                0x0000000008003170      0x4c8 ./Drivers/STM32F7xx_HAL_Driver/Src/stm32f7xx_hal_uart.o
                0x0000000008003170                UART_SetConfig
 .text.UART_AdvFeatureConfig
                0x0000000008003638      0x144 ./Drivers/STM32F7xx_HAL_Driver/Src/stm32f7xx_hal_uart.o
                0x0000000008003638                UART_AdvFeatureConfig
 .text.UART_CheckIdleState
                0x000000000800377c       0x6e ./Drivers/STM32F7xx_HAL_Driver/Src/stm32f7xx_hal_uart.o
                0x000000000800377c                UART_CheckIdleState
 .text.UART_WaitOnFlagUntilTimeout
                0x00000000080037ea      0x18c ./Drivers/STM32F7xx_HAL_Driver/Src/stm32f7xx_hal_uart.o
                0x00000000080037ea                UART_WaitOnFlagUntilTimeout
 *fill*         0x0000000008003976        0x2 
 .text.USB_CoreInit
                0x0000000008003978       0xb0 ./Drivers/STM32F7xx_HAL_Driver/Src/stm32f7xx_ll_usb.o
                0x0000000008003978                USB_CoreInit
 .text.USB_DisableGlobalInt
                0x0000000008003a28       0x22 ./Drivers/STM32F7xx_HAL_Driver/Src/stm32f7xx_ll_usb.o
                0x0000000008003a28                USB_DisableGlobalInt
 .text.USB_SetCurrentMode
                0x0000000008003a4a       0x98 ./Drivers/STM32F7xx_HAL_Driver/Src/stm32f7xx_ll_usb.o
                0x0000000008003a4a                USB_SetCurrentMode
 *fill*         0x0000000008003ae2        0x2 
 .text.USB_DevInit
                0x0000000008003ae4      0x2bc ./Drivers/STM32F7xx_HAL_Driver/Src/stm32f7xx_ll_usb.o
                0x0000000008003ae4                USB_DevInit
 .text.USB_FlushTxFifo
                0x0000000008003da0       0x68 ./Drivers/STM32F7xx_HAL_Driver/Src/stm32f7xx_ll_usb.o
                0x0000000008003da0                USB_FlushTxFifo
 .text.USB_FlushRxFifo
                0x0000000008003e08       0x60 ./Drivers/STM32F7xx_HAL_Driver/Src/stm32f7xx_ll_usb.o
                0x0000000008003e08                USB_FlushRxFifo
 .text.USB_SetDevSpeed
                0x0000000008003e68       0x32 ./Drivers/STM32F7xx_HAL_Driver/Src/stm32f7xx_ll_usb.o
                0x0000000008003e68                USB_SetDevSpeed
 .text.USB_DevDisconnect
                0x0000000008003e9a       0x42 ./Drivers/STM32F7xx_HAL_Driver/Src/stm32f7xx_ll_usb.o
                0x0000000008003e9a                USB_DevDisconnect
 .text.USB_GetMode
                0x0000000008003edc       0x1c ./Drivers/STM32F7xx_HAL_Driver/Src/stm32f7xx_ll_usb.o
                0x0000000008003edc                USB_GetMode
 .text.USB_CoreReset
                0x0000000008003ef8       0x68 ./Drivers/STM32F7xx_HAL_Driver/Src/stm32f7xx_ll_usb.o
 .text.__libc_init_array
                0x0000000008003f60       0x48 c:/st/stm32cubeide_1.10.1/stm32cubeide/plugins/com.st.stm32cube.ide.mcu.externaltools.gnu-tools-for-stm32.10.3-2021.10.win32_1.0.0.202111181127/tools/bin/../lib/gcc/arm-none-eabi/10.3.1/../../../../arm-none-eabi/lib/thumb/v7e-m+fp/hard\libc_nano.a(lib_a-init.o)
                0x0000000008003f60                __libc_init_array
 .text.memset   0x0000000008003fa8       0x10 c:/st/stm32cubeide_1.10.1/stm32cubeide/plugins/com.st.stm32cube.ide.mcu.externaltools.gnu-tools-for-stm32.10.3-2021.10.win32_1.0.0.202111181127/tools/bin/../lib/gcc/arm-none-eabi/10.3.1/../../../../arm-none-eabi/lib/thumb/v7e-m+fp/hard\libc_nano.a(lib_a-memset.o)
                0x0000000008003fa8                memset
 *(.glue_7)
 .glue_7        0x0000000008003fb8        0x0 linker stubs
 *(.glue_7t)
 .glue_7t       0x0000000008003fb8        0x0 linker stubs
 *(.eh_frame)
 .eh_frame      0x0000000008003fb8        0x0 c:/st/stm32cubeide_1.10.1/stm32cubeide/plugins/com.st.stm32cube.ide.mcu.externaltools.gnu-tools-for-stm32.10.3-2021.10.win32_1.0.0.202111181127/tools/bin/../lib/gcc/arm-none-eabi/10.3.1/thumb/v7e-m+fp/hard/crtbegin.o
 *(.init)
 .init          0x0000000008003fb8        0x4 c:/st/stm32cubeide_1.10.1/stm32cubeide/plugins/com.st.stm32cube.ide.mcu.externaltools.gnu-tools-for-stm32.10.3-2021.10.win32_1.0.0.202111181127/tools/bin/../lib/gcc/arm-none-eabi/10.3.1/thumb/v7e-m+fp/hard/crti.o
                0x0000000008003fb8                _init
 .init          0x0000000008003fbc        0x8 c:/st/stm32cubeide_1.10.1/stm32cubeide/plugins/com.st.stm32cube.ide.mcu.externaltools.gnu-tools-for-stm32.10.3-2021.10.win32_1.0.0.202111181127/tools/bin/../lib/gcc/arm-none-eabi/10.3.1/thumb/v7e-m+fp/hard/crtn.o
 *(.fini)
 .fini          0x0000000008003fc4        0x4 c:/st/stm32cubeide_1.10.1/stm32cubeide/plugins/com.st.stm32cube.ide.mcu.externaltools.gnu-tools-for-stm32.10.3-2021.10.win32_1.0.0.202111181127/tools/bin/../lib/gcc/arm-none-eabi/10.3.1/thumb/v7e-m+fp/hard/crti.o
                0x0000000008003fc4                _fini
 .fini          0x0000000008003fc8        0x8 c:/st/stm32cubeide_1.10.1/stm32cubeide/plugins/com.st.stm32cube.ide.mcu.externaltools.gnu-tools-for-stm32.10.3-2021.10.win32_1.0.0.202111181127/tools/bin/../lib/gcc/arm-none-eabi/10.3.1/thumb/v7e-m+fp/hard/crtn.o
                0x0000000008003fd0                . = ALIGN (0x4)
                0x0000000008003fd0                _etext = .

.vfp11_veneer   0x0000000008003fd0        0x0
 .vfp11_veneer  0x0000000008003fd0        0x0 linker stubs

.v4_bx          0x0000000008003fd0        0x0
 .v4_bx         0x0000000008003fd0        0x0 linker stubs

.iplt           0x0000000008003fd0        0x0
 .iplt          0x0000000008003fd0        0x0 c:/st/stm32cubeide_1.10.1/stm32cubeide/plugins/com.st.stm32cube.ide.mcu.externaltools.gnu-tools-for-stm32.10.3-2021.10.win32_1.0.0.202111181127/tools/bin/../lib/gcc/arm-none-eabi/10.3.1/thumb/v7e-m+fp/hard/crtbegin.o

.rodata         0x0000000008003fd0       0x28
                0x0000000008003fd0                . = ALIGN (0x4)
 *(.rodata)
 .rodata        0x0000000008003fd0       0x10 ./Core/Src/main.o
 *(.rodata*)
 .rodata.AHBPrescTable
                0x0000000008003fe0       0x10 ./Core/Src/system_stm32f7xx.o
                0x0000000008003fe0                AHBPrescTable
 .rodata.APBPrescTable
                0x0000000008003ff0        0x8 ./Core/Src/system_stm32f7xx.o
                0x0000000008003ff0                APBPrescTable
                0x0000000008003ff8                . = ALIGN (0x4)

.ARM.extab      0x0000000008003ff8        0x0
                0x0000000008003ff8                . = ALIGN (0x4)
 *(.ARM.extab* .gnu.linkonce.armextab.*)
                0x0000000008003ff8                . = ALIGN (0x4)

.ARM            0x0000000008003ff8        0x8
                0x0000000008003ff8                . = ALIGN (0x4)
                0x0000000008003ff8                __exidx_start = .
 *(.ARM.exidx*)
 .ARM.exidx     0x0000000008003ff8        0x8 c:/st/stm32cubeide_1.10.1/stm32cubeide/plugins/com.st.stm32cube.ide.mcu.externaltools.gnu-tools-for-stm32.10.3-2021.10.win32_1.0.0.202111181127/tools/bin/../lib/gcc/arm-none-eabi/10.3.1/thumb/v7e-m+fp/hard\libgcc.a(_udivmoddi4.o)
                0x0000000008004000                __exidx_end = .
                0x0000000008004000                . = ALIGN (0x4)

.rel.dyn        0x0000000008004000        0x0
 .rel.iplt      0x0000000008004000        0x0 c:/st/stm32cubeide_1.10.1/stm32cubeide/plugins/com.st.stm32cube.ide.mcu.externaltools.gnu-tools-for-stm32.10.3-2021.10.win32_1.0.0.202111181127/tools/bin/../lib/gcc/arm-none-eabi/10.3.1/thumb/v7e-m+fp/hard/crtbegin.o

.preinit_array  0x0000000008004000        0x0
                0x0000000008004000                . = ALIGN (0x4)
                0x0000000008004000                PROVIDE (__preinit_array_start = .)
 *(.preinit_array*)
                0x0000000008004000                PROVIDE (__preinit_array_end = .)
                0x0000000008004000                . = ALIGN (0x4)

.init_array     0x0000000008004000        0x4
                0x0000000008004000                . = ALIGN (0x4)
                0x0000000008004000                PROVIDE (__init_array_start = .)
 *(SORT_BY_NAME(.init_array.*))
 *(.init_array*)
 .init_array    0x0000000008004000        0x4 c:/st/stm32cubeide_1.10.1/stm32cubeide/plugins/com.st.stm32cube.ide.mcu.externaltools.gnu-tools-for-stm32.10.3-2021.10.win32_1.0.0.202111181127/tools/bin/../lib/gcc/arm-none-eabi/10.3.1/thumb/v7e-m+fp/hard/crtbegin.o
                0x0000000008004004                PROVIDE (__init_array_end = .)
                0x0000000008004004                . = ALIGN (0x4)

.fini_array     0x0000000008004004        0x4
                0x0000000008004004                . = ALIGN (0x4)
                [!provide]                        PROVIDE (__fini_array_start = .)
 *(SORT_BY_NAME(.fini_array.*))
 *(.fini_array*)
 .fini_array    0x0000000008004004        0x4 c:/st/stm32cubeide_1.10.1/stm32cubeide/plugins/com.st.stm32cube.ide.mcu.externaltools.gnu-tools-for-stm32.10.3-2021.10.win32_1.0.0.202111181127/tools/bin/../lib/gcc/arm-none-eabi/10.3.1/thumb/v7e-m+fp/hard/crtbegin.o
                [!provide]                        PROVIDE (__fini_array_end = .)
                0x0000000008004008                . = ALIGN (0x4)
                0x0000000008004008                _sidata = LOADADDR (.data)

.data           0x0000000020000000        0xc load address 0x0000000008004008
                0x0000000020000000                . = ALIGN (0x4)
                0x0000000020000000                _sdata = .
 *(.data)
 *(.data*)
 .data.SystemCoreClock
                0x0000000020000000        0x4 ./Core/Src/system_stm32f7xx.o
                0x0000000020000000                SystemCoreClock
 .data.uwTickPrio
                0x0000000020000004        0x4 ./Drivers/STM32F7xx_HAL_Driver/Src/stm32f7xx_hal.o
                0x0000000020000004                uwTickPrio
 .data.uwTickFreq
                0x0000000020000008        0x1 ./Drivers/STM32F7xx_HAL_Driver/Src/stm32f7xx_hal.o
                0x0000000020000008                uwTickFreq
 *(.RamFunc)
 *(.RamFunc*)
                0x000000002000000c                . = ALIGN (0x4)
 *fill*         0x0000000020000009        0x3 
                0x000000002000000c                _edata = .

.igot.plt       0x000000002000000c        0x0 load address 0x0000000008004014
 .igot.plt      0x000000002000000c        0x0 c:/st/stm32cubeide_1.10.1/stm32cubeide/plugins/com.st.stm32cube.ide.mcu.externaltools.gnu-tools-for-stm32.10.3-2021.10.win32_1.0.0.202111181127/tools/bin/../lib/gcc/arm-none-eabi/10.3.1/thumb/v7e-m+fp/hard/crtbegin.o
                0x000000002000000c                . = ALIGN (0x4)

.bss            0x000000002000000c      0x5fc load address 0x0000000008004014
                0x000000002000000c                _sbss = .
                0x000000002000000c                __bss_start__ = _sbss
 *(.bss)
 .bss           0x000000002000000c       0x1c c:/st/stm32cubeide_1.10.1/stm32cubeide/plugins/com.st.stm32cube.ide.mcu.externaltools.gnu-tools-for-stm32.10.3-2021.10.win32_1.0.0.202111181127/tools/bin/../lib/gcc/arm-none-eabi/10.3.1/thumb/v7e-m+fp/hard/crtbegin.o
 *(.bss*)
 .bss.htim1     0x0000000020000028       0x4c ./Core/Src/main.o
                0x0000000020000028                htim1
 .bss.huart3    0x0000000020000074       0x88 ./Core/Src/main.o
                0x0000000020000074                huart3
 .bss.hpcd_USB_OTG_FS
                0x00000000200000fc      0x508 ./Core/Src/main.o
                0x00000000200000fc                hpcd_USB_OTG_FS
 .bss.uwTick    0x0000000020000604        0x4 ./Drivers/STM32F7xx_HAL_Driver/Src/stm32f7xx_hal.o
                0x0000000020000604                uwTick
 *(COMMON)
                0x0000000020000608                . = ALIGN (0x4)
                0x0000000020000608                _ebss = .
                0x0000000020000608                __bss_end__ = _ebss

._user_heap_stack
                0x0000000020000608      0x600 load address 0x0000000008004014
                0x0000000020000608                . = ALIGN (0x8)
                [!provide]                        PROVIDE (end = .)
                0x0000000020000608                PROVIDE (_end = .)
                0x0000000020000808                . = (. + _Min_Heap_Size)
 *fill*         0x0000000020000608      0x200 
                0x0000000020000c08                . = (. + _Min_Stack_Size)
 *fill*         0x0000000020000808      0x400 
                0x0000000020000c08                . = ALIGN (0x8)

/DISCARD/
 libc.a(*)
 libm.a(*)
 libgcc.a(*)

.ARM.attributes
                0x0000000000000000       0x30
 *(.ARM.attributes)
 .ARM.attributes
                0x0000000000000000       0x1e c:/st/stm32cubeide_1.10.1/stm32cubeide/plugins/com.st.stm32cube.ide.mcu.externaltools.gnu-tools-for-stm32.10.3-2021.10.win32_1.0.0.202111181127/tools/bin/../lib/gcc/arm-none-eabi/10.3.1/thumb/v7e-m+fp/hard/crti.o
 .ARM.attributes
                0x000000000000001e       0x34 c:/st/stm32cubeide_1.10.1/stm32cubeide/plugins/com.st.stm32cube.ide.mcu.externaltools.gnu-tools-for-stm32.10.3-2021.10.win32_1.0.0.202111181127/tools/bin/../lib/gcc/arm-none-eabi/10.3.1/thumb/v7e-m+fp/hard/crtbegin.o
 .ARM.attributes
                0x0000000000000052       0x34 ./Core/Src/main.o
 .ARM.attributes
                0x0000000000000086       0x34 ./Core/Src/microstep_driver_controller.o
 .ARM.attributes
                0x00000000000000ba       0x34 ./Core/Src/stm32f7xx_hal_msp.o
 .ARM.attributes
                0x00000000000000ee       0x34 ./Core/Src/stm32f7xx_it.o
 .ARM.attributes
                0x0000000000000122       0x34 ./Core/Src/system_stm32f7xx.o
 .ARM.attributes
                0x0000000000000156       0x21 ./Core/Startup/startup_stm32f746zgtx.o
 .ARM.attributes
                0x0000000000000177       0x34 ./Drivers/STM32F7xx_HAL_Driver/Src/stm32f7xx_hal.o
 .ARM.attributes
                0x00000000000001ab       0x34 ./Drivers/STM32F7xx_HAL_Driver/Src/stm32f7xx_hal_cortex.o
 .ARM.attributes
                0x00000000000001df       0x34 ./Drivers/STM32F7xx_HAL_Driver/Src/stm32f7xx_hal_gpio.o
 .ARM.attributes
                0x0000000000000213       0x34 ./Drivers/STM32F7xx_HAL_Driver/Src/stm32f7xx_hal_pcd.o
 .ARM.attributes
                0x0000000000000247       0x34 ./Drivers/STM32F7xx_HAL_Driver/Src/stm32f7xx_hal_pcd_ex.o
 .ARM.attributes
                0x000000000000027b       0x34 ./Drivers/STM32F7xx_HAL_Driver/Src/stm32f7xx_hal_pwr.o
 .ARM.attributes
                0x00000000000002af       0x34 ./Drivers/STM32F7xx_HAL_Driver/Src/stm32f7xx_hal_rcc.o
 .ARM.attributes
                0x00000000000002e3       0x34 ./Drivers/STM32F7xx_HAL_Driver/Src/stm32f7xx_hal_rcc_ex.o
 .ARM.attributes
                0x0000000000000317       0x34 ./Drivers/STM32F7xx_HAL_Driver/Src/stm32f7xx_hal_tim.o
 .ARM.attributes
                0x000000000000034b       0x34 ./Drivers/STM32F7xx_HAL_Driver/Src/stm32f7xx_hal_tim_ex.o
 .ARM.attributes
                0x000000000000037f       0x34 ./Drivers/STM32F7xx_HAL_Driver/Src/stm32f7xx_hal_uart.o
 .ARM.attributes
                0x00000000000003b3       0x34 ./Drivers/STM32F7xx_HAL_Driver/Src/stm32f7xx_ll_usb.o
 .ARM.attributes
                0x00000000000003e7       0x34 c:/st/stm32cubeide_1.10.1/stm32cubeide/plugins/com.st.stm32cube.ide.mcu.externaltools.gnu-tools-for-stm32.10.3-2021.10.win32_1.0.0.202111181127/tools/bin/../lib/gcc/arm-none-eabi/10.3.1/../../../../arm-none-eabi/lib/thumb/v7e-m+fp/hard\libc_nano.a(lib_a-init.o)
 .ARM.attributes
                0x000000000000041b       0x34 c:/st/stm32cubeide_1.10.1/stm32cubeide/plugins/com.st.stm32cube.ide.mcu.externaltools.gnu-tools-for-stm32.10.3-2021.10.win32_1.0.0.202111181127/tools/bin/../lib/gcc/arm-none-eabi/10.3.1/../../../../arm-none-eabi/lib/thumb/v7e-m+fp/hard\libc_nano.a(lib_a-memset.o)
 .ARM.attributes
                0x000000000000044f       0x1e c:/st/stm32cubeide_1.10.1/stm32cubeide/plugins/com.st.stm32cube.ide.mcu.externaltools.gnu-tools-for-stm32.10.3-2021.10.win32_1.0.0.202111181127/tools/bin/../lib/gcc/arm-none-eabi/10.3.1/thumb/v7e-m+fp/hard\libgcc.a(_aeabi_uldivmod.o)
 .ARM.attributes
                0x000000000000046d       0x34 c:/st/stm32cubeide_1.10.1/stm32cubeide/plugins/com.st.stm32cube.ide.mcu.externaltools.gnu-tools-for-stm32.10.3-2021.10.win32_1.0.0.202111181127/tools/bin/../lib/gcc/arm-none-eabi/10.3.1/thumb/v7e-m+fp/hard\libgcc.a(_udivmoddi4.o)
 .ARM.attributes
                0x00000000000004a1       0x1e c:/st/stm32cubeide_1.10.1/stm32cubeide/plugins/com.st.stm32cube.ide.mcu.externaltools.gnu-tools-for-stm32.10.3-2021.10.win32_1.0.0.202111181127/tools/bin/../lib/gcc/arm-none-eabi/10.3.1/thumb/v7e-m+fp/hard\libgcc.a(_dvmd_tls.o)
 .ARM.attributes
                0x00000000000004bf       0x1e c:/st/stm32cubeide_1.10.1/stm32cubeide/plugins/com.st.stm32cube.ide.mcu.externaltools.gnu-tools-for-stm32.10.3-2021.10.win32_1.0.0.202111181127/tools/bin/../lib/gcc/arm-none-eabi/10.3.1/thumb/v7e-m+fp/hard/crtn.o
OUTPUT(TestProject.elf elf32-littlearm)
LOAD linker stubs
LOAD c:/st/stm32cubeide_1.10.1/stm32cubeide/plugins/com.st.stm32cube.ide.mcu.externaltools.gnu-tools-for-stm32.10.3-2021.10.win32_1.0.0.202111181127/tools/bin/../lib/gcc/arm-none-eabi/10.3.1/../../../../arm-none-eabi/lib/thumb/v7e-m+fp/hard\libc.a
LOAD c:/st/stm32cubeide_1.10.1/stm32cubeide/plugins/com.st.stm32cube.ide.mcu.externaltools.gnu-tools-for-stm32.10.3-2021.10.win32_1.0.0.202111181127/tools/bin/../lib/gcc/arm-none-eabi/10.3.1/../../../../arm-none-eabi/lib/thumb/v7e-m+fp/hard\libm.a
LOAD c:/st/stm32cubeide_1.10.1/stm32cubeide/plugins/com.st.stm32cube.ide.mcu.externaltools.gnu-tools-for-stm32.10.3-2021.10.win32_1.0.0.202111181127/tools/bin/../lib/gcc/arm-none-eabi/10.3.1/thumb/v7e-m+fp/hard\libgcc.a

.debug_info     0x0000000000000000    0x14d9d
 .debug_info    0x0000000000000000     0x1f68 ./Core/Src/main.o
 .debug_info    0x0000000000001f68     0x17d7 ./Core/Src/microstep_driver_controller.o
 .debug_info    0x000000000000373f     0x1695 ./Core/Src/stm32f7xx_hal_msp.o
 .debug_info    0x0000000000004dd4      0x121 ./Core/Src/stm32f7xx_it.o
 .debug_info    0x0000000000004ef5      0x72c ./Core/Src/system_stm32f7xx.o
 .debug_info    0x0000000000005621       0x22 ./Core/Startup/startup_stm32f746zgtx.o
 .debug_info    0x0000000000005643      0xa0c ./Drivers/STM32F7xx_HAL_Driver/Src/stm32f7xx_hal.o
 .debug_info    0x000000000000604f     0x105a ./Drivers/STM32F7xx_HAL_Driver/Src/stm32f7xx_hal_cortex.o
 .debug_info    0x00000000000070a9      0x794 ./Drivers/STM32F7xx_HAL_Driver/Src/stm32f7xx_hal_gpio.o
 .debug_info    0x000000000000783d     0x16c1 ./Drivers/STM32F7xx_HAL_Driver/Src/stm32f7xx_hal_pcd.o
 .debug_info    0x0000000000008efe      0x7df ./Drivers/STM32F7xx_HAL_Driver/Src/stm32f7xx_hal_pcd_ex.o
 .debug_info    0x00000000000096dd      0x978 ./Drivers/STM32F7xx_HAL_Driver/Src/stm32f7xx_hal_pwr.o
 .debug_info    0x000000000000a055      0x99c ./Drivers/STM32F7xx_HAL_Driver/Src/stm32f7xx_hal_rcc.o
 .debug_info    0x000000000000a9f1      0x764 ./Drivers/STM32F7xx_HAL_Driver/Src/stm32f7xx_hal_rcc_ex.o
 .debug_info    0x000000000000b155     0x2d22 ./Drivers/STM32F7xx_HAL_Driver/Src/stm32f7xx_hal_tim.o
 .debug_info    0x000000000000de77     0x16f5 ./Drivers/STM32F7xx_HAL_Driver/Src/stm32f7xx_hal_tim_ex.o
 .debug_info    0x000000000000f56c     0x3ccc ./Drivers/STM32F7xx_HAL_Driver/Src/stm32f7xx_hal_uart.o
 .debug_info    0x0000000000013238     0x1b65 ./Drivers/STM32F7xx_HAL_Driver/Src/stm32f7xx_ll_usb.o

.debug_abbrev   0x0000000000000000     0x283e
 .debug_abbrev  0x0000000000000000      0x404 ./Core/Src/main.o
 .debug_abbrev  0x0000000000000404      0x4a5 ./Core/Src/microstep_driver_controller.o
 .debug_abbrev  0x00000000000008a9      0x261 ./Core/Src/stm32f7xx_hal_msp.o
 .debug_abbrev  0x0000000000000b0a       0x74 ./Core/Src/stm32f7xx_it.o
 .debug_abbrev  0x0000000000000b7e      0x136 ./Core/Src/system_stm32f7xx.o
 .debug_abbrev  0x0000000000000cb4       0x12 ./Core/Startup/startup_stm32f746zgtx.o
 .debug_abbrev  0x0000000000000cc6      0x20d ./Drivers/STM32F7xx_HAL_Driver/Src/stm32f7xx_hal.o
 .debug_abbrev  0x0000000000000ed3      0x316 ./Drivers/STM32F7xx_HAL_Driver/Src/stm32f7xx_hal_cortex.o
 .debug_abbrev  0x00000000000011e9      0x1c4 ./Drivers/STM32F7xx_HAL_Driver/Src/stm32f7xx_hal_gpio.o
 .debug_abbrev  0x00000000000013ad      0x2d2 ./Drivers/STM32F7xx_HAL_Driver/Src/stm32f7xx_hal_pcd.o
 .debug_abbrev  0x000000000000167f      0x1bd ./Drivers/STM32F7xx_HAL_Driver/Src/stm32f7xx_hal_pcd_ex.o
 .debug_abbrev  0x000000000000183c      0x1b8 ./Drivers/STM32F7xx_HAL_Driver/Src/stm32f7xx_hal_pwr.o
 .debug_abbrev  0x00000000000019f4      0x27b ./Drivers/STM32F7xx_HAL_Driver/Src/stm32f7xx_hal_rcc.o
 .debug_abbrev  0x0000000000001c6f      0x1b9 ./Drivers/STM32F7xx_HAL_Driver/Src/stm32f7xx_hal_rcc_ex.o
 .debug_abbrev  0x0000000000001e28      0x264 ./Drivers/STM32F7xx_HAL_Driver/Src/stm32f7xx_hal_tim.o
 .debug_abbrev  0x000000000000208c      0x26c ./Drivers/STM32F7xx_HAL_Driver/Src/stm32f7xx_hal_tim_ex.o
 .debug_abbrev  0x00000000000022f8      0x2ce ./Drivers/STM32F7xx_HAL_Driver/Src/stm32f7xx_hal_uart.o
 .debug_abbrev  0x00000000000025c6      0x278 ./Drivers/STM32F7xx_HAL_Driver/Src/stm32f7xx_ll_usb.o

.debug_aranges  0x0000000000000000     0x1038
 .debug_aranges
                0x0000000000000000       0x50 ./Core/Src/main.o
 .debug_aranges
                0x0000000000000050       0x48 ./Core/Src/microstep_driver_controller.o
 .debug_aranges
                0x0000000000000098       0x50 ./Core/Src/stm32f7xx_hal_msp.o
 .debug_aranges
                0x00000000000000e8       0x60 ./Core/Src/stm32f7xx_it.o
 .debug_aranges
                0x0000000000000148       0x28 ./Core/Src/system_stm32f7xx.o
 .debug_aranges
                0x0000000000000170       0x28 ./Core/Startup/startup_stm32f746zgtx.o
 .debug_aranges
                0x0000000000000198      0x100 ./Drivers/STM32F7xx_HAL_Driver/Src/stm32f7xx_hal.o
 .debug_aranges
                0x0000000000000298      0x118 ./Drivers/STM32F7xx_HAL_Driver/Src/stm32f7xx_hal_cortex.o
 .debug_aranges
                0x00000000000003b0       0x58 ./Drivers/STM32F7xx_HAL_Driver/Src/stm32f7xx_hal_gpio.o
 .debug_aranges
                0x0000000000000408      0x148 ./Drivers/STM32F7xx_HAL_Driver/Src/stm32f7xx_hal_pcd.o
 .debug_aranges
                0x0000000000000550       0x48 ./Drivers/STM32F7xx_HAL_Driver/Src/stm32f7xx_hal_pcd_ex.o
 .debug_aranges
                0x0000000000000598       0xa0 ./Drivers/STM32F7xx_HAL_Driver/Src/stm32f7xx_hal_pwr.o
 .debug_aranges
                0x0000000000000638       0x88 ./Drivers/STM32F7xx_HAL_Driver/Src/stm32f7xx_hal_rcc.o
 .debug_aranges
                0x00000000000006c0       0x50 ./Drivers/STM32F7xx_HAL_Driver/Src/stm32f7xx_hal_rcc_ex.o
 .debug_aranges
                0x0000000000000710      0x3e0 ./Drivers/STM32F7xx_HAL_Driver/Src/stm32f7xx_hal_tim.o
 .debug_aranges
                0x0000000000000af0      0x178 ./Drivers/STM32F7xx_HAL_Driver/Src/stm32f7xx_hal_tim_ex.o
 .debug_aranges
                0x0000000000000c68      0x228 ./Drivers/STM32F7xx_HAL_Driver/Src/stm32f7xx_hal_uart.o
 .debug_aranges
                0x0000000000000e90      0x1a8 ./Drivers/STM32F7xx_HAL_Driver/Src/stm32f7xx_ll_usb.o

.debug_ranges   0x0000000000000000      0xf50
 .debug_ranges  0x0000000000000000       0x40 ./Core/Src/main.o
 .debug_ranges  0x0000000000000040       0x38 ./Core/Src/microstep_driver_controller.o
 .debug_ranges  0x0000000000000078       0x40 ./Core/Src/stm32f7xx_hal_msp.o
 .debug_ranges  0x00000000000000b8       0x50 ./Core/Src/stm32f7xx_it.o
 .debug_ranges  0x0000000000000108       0x18 ./Core/Src/system_stm32f7xx.o
 .debug_ranges  0x0000000000000120       0x20 ./Core/Startup/startup_stm32f746zgtx.o
 .debug_ranges  0x0000000000000140       0xf0 ./Drivers/STM32F7xx_HAL_Driver/Src/stm32f7xx_hal.o
 .debug_ranges  0x0000000000000230      0x108 ./Drivers/STM32F7xx_HAL_Driver/Src/stm32f7xx_hal_cortex.o
 .debug_ranges  0x0000000000000338       0x48 ./Drivers/STM32F7xx_HAL_Driver/Src/stm32f7xx_hal_gpio.o
 .debug_ranges  0x0000000000000380      0x138 ./Drivers/STM32F7xx_HAL_Driver/Src/stm32f7xx_hal_pcd.o
 .debug_ranges  0x00000000000004b8       0x38 ./Drivers/STM32F7xx_HAL_Driver/Src/stm32f7xx_hal_pcd_ex.o
 .debug_ranges  0x00000000000004f0       0x90 ./Drivers/STM32F7xx_HAL_Driver/Src/stm32f7xx_hal_pwr.o
 .debug_ranges  0x0000000000000580       0x78 ./Drivers/STM32F7xx_HAL_Driver/Src/stm32f7xx_hal_rcc.o
 .debug_ranges  0x00000000000005f8       0x40 ./Drivers/STM32F7xx_HAL_Driver/Src/stm32f7xx_hal_rcc_ex.o
 .debug_ranges  0x0000000000000638      0x3d0 ./Drivers/STM32F7xx_HAL_Driver/Src/stm32f7xx_hal_tim.o
 .debug_ranges  0x0000000000000a08      0x168 ./Drivers/STM32F7xx_HAL_Driver/Src/stm32f7xx_hal_tim_ex.o
 .debug_ranges  0x0000000000000b70      0x248 ./Drivers/STM32F7xx_HAL_Driver/Src/stm32f7xx_hal_uart.o
 .debug_ranges  0x0000000000000db8      0x198 ./Drivers/STM32F7xx_HAL_Driver/Src/stm32f7xx_ll_usb.o

.debug_macro    0x0000000000000000    0x2995b
 .debug_macro   0x0000000000000000      0x2b7 ./Core/Src/main.o
 .debug_macro   0x00000000000002b7      0xb50 ./Core/Src/main.o
 .debug_macro   0x0000000000000e07      0x299 ./Core/Src/main.o
 .debug_macro   0x00000000000010a0       0x2e ./Core/Src/main.o
 .debug_macro   0x00000000000010ce       0x3b ./Core/Src/main.o
 .debug_macro   0x0000000000001109       0x1c ./Core/Src/main.o
 .debug_macro   0x0000000000001125       0x22 ./Core/Src/main.o
 .debug_macro   0x0000000000001147       0x8e ./Core/Src/main.o
 .debug_macro   0x00000000000011d5       0x51 ./Core/Src/main.o
 .debug_macro   0x0000000000001226      0x103 ./Core/Src/main.o
 .debug_macro   0x0000000000001329       0x6a ./Core/Src/main.o
 .debug_macro   0x0000000000001393      0x1df ./Core/Src/main.o
 .debug_macro   0x0000000000001572       0x1c ./Core/Src/main.o
 .debug_macro   0x000000000000158e       0x22 ./Core/Src/main.o
 .debug_macro   0x00000000000015b0       0xd9 ./Core/Src/main.o
 .debug_macro   0x0000000000001689     0x12cd ./Core/Src/main.o
 .debug_macro   0x0000000000002956      0x11f ./Core/Src/main.o
 .debug_macro   0x0000000000002a75       0x19 ./Core/Src/main.o
 .debug_macro   0x0000000000002a8e    0x1920a ./Core/Src/main.o
 .debug_macro   0x000000000001bc98       0x6d ./Core/Src/main.o
 .debug_macro   0x000000000001bd05     0x3749 ./Core/Src/main.o
 .debug_macro   0x000000000001f44e      0x17b ./Core/Src/main.o
 .debug_macro   0x000000000001f5c9       0x63 ./Core/Src/main.o
 .debug_macro   0x000000000001f62c     0x18ad ./Core/Src/main.o
 .debug_macro   0x0000000000020ed9      0x6c4 ./Core/Src/main.o
 .debug_macro   0x000000000002159d      0x185 ./Core/Src/main.o
 .debug_macro   0x0000000000021722      0x115 ./Core/Src/main.o
 .debug_macro   0x0000000000021837      0x1fd ./Core/Src/main.o
 .debug_macro   0x0000000000021a34       0xa5 ./Core/Src/main.o
 .debug_macro   0x0000000000021ad9      0x24f ./Core/Src/main.o
 .debug_macro   0x0000000000021d28       0x41 ./Core/Src/main.o
 .debug_macro   0x0000000000021d69       0x58 ./Core/Src/main.o
 .debug_macro   0x0000000000021dc1      0x236 ./Core/Src/main.o
 .debug_macro   0x0000000000021ff7      0x14e ./Core/Src/main.o
 .debug_macro   0x0000000000022145      0x25a ./Core/Src/main.o
 .debug_macro   0x000000000002239f       0x12 ./Core/Src/main.o
 .debug_macro   0x00000000000223b1      0x22c ./Core/Src/main.o
 .debug_macro   0x00000000000225dd       0x61 ./Core/Src/main.o
 .debug_macro   0x000000000002263e       0xa5 ./Core/Src/main.o
 .debug_macro   0x00000000000226e3      0x12e ./Core/Src/main.o
 .debug_macro   0x0000000000022811      0x108 ./Core/Src/main.o
 .debug_macro   0x0000000000022919       0x35 ./Core/Src/main.o
 .debug_macro   0x000000000002294e      0xa7c ./Core/Src/main.o
 .debug_macro   0x00000000000233ca       0x59 ./Core/Src/main.o
 .debug_macro   0x0000000000023423      0x56d ./Core/Src/main.o
 .debug_macro   0x0000000000023990       0x44 ./Core/Src/main.o
 .debug_macro   0x00000000000239d4      0x256 ./Core/Src/main.o
 .debug_macro   0x0000000000023c2a       0xba ./Core/Src/main.o
 .debug_macro   0x0000000000023ce4      0x14d ./Core/Src/main.o
 .debug_macro   0x0000000000023e31      0x130 ./Core/Src/main.o
 .debug_macro   0x0000000000023f61      0x18a ./Core/Src/main.o
 .debug_macro   0x00000000000240eb       0x10 ./Core/Src/main.o
 .debug_macro   0x00000000000240fb      0x3d1 ./Core/Src/main.o
 .debug_macro   0x00000000000244cc       0x10 ./Core/Src/main.o
 .debug_macro   0x00000000000244dc       0x52 ./Core/Src/main.o
 .debug_macro   0x000000000002452e       0x1e ./Core/Src/main.o
 .debug_macro   0x000000000002454c       0x3c ./Core/Src/main.o
 .debug_macro   0x0000000000024588       0x3a ./Core/Src/main.o
 .debug_macro   0x00000000000245c2       0x35 ./Core/Src/main.o
 .debug_macro   0x00000000000245f7      0x460 ./Core/Src/main.o
 .debug_macro   0x0000000000024a57       0x10 ./Core/Src/main.o
 .debug_macro   0x0000000000024a67      0x4f0 ./Core/Src/microstep_driver_controller.o
 .debug_macro   0x0000000000024f57       0x82 ./Core/Src/microstep_driver_controller.o
 .debug_macro   0x0000000000024fd9      0x10b ./Core/Src/microstep_driver_controller.o
 .debug_macro   0x00000000000250e4       0x41 ./Core/Src/microstep_driver_controller.o
 .debug_macro   0x0000000000025125       0x12 ./Core/Src/microstep_driver_controller.o
 .debug_macro   0x0000000000025137       0x27 ./Core/Src/microstep_driver_controller.o
 .debug_macro   0x000000000002515e       0x1c ./Core/Src/microstep_driver_controller.o
 .debug_macro   0x000000000002517a       0x18 ./Core/Src/microstep_driver_controller.o
 .debug_macro   0x0000000000025192       0x4f ./Core/Src/microstep_driver_controller.o
 .debug_macro   0x00000000000251e1       0x28 ./Core/Src/microstep_driver_controller.o
 .debug_macro   0x0000000000025209       0x2e ./Core/Src/microstep_driver_controller.o
 .debug_macro   0x0000000000025237       0x19 ./Core/Src/microstep_driver_controller.o
 .debug_macro   0x0000000000025250       0x88 ./Core/Src/microstep_driver_controller.o
 .debug_macro   0x00000000000252d8       0x19 ./Core/Src/microstep_driver_controller.o
 .debug_macro   0x00000000000252f1       0x10 ./Core/Src/microstep_driver_controller.o
 .debug_macro   0x0000000000025301       0x16 ./Core/Src/microstep_driver_controller.o
 .debug_macro   0x0000000000025317       0x16 ./Core/Src/microstep_driver_controller.o
 .debug_macro   0x000000000002532d       0x43 ./Core/Src/microstep_driver_controller.o
 .debug_macro   0x0000000000025370       0x34 ./Core/Src/microstep_driver_controller.o
 .debug_macro   0x00000000000253a4       0x10 ./Core/Src/microstep_driver_controller.o
 .debug_macro   0x00000000000253b4       0x58 ./Core/Src/microstep_driver_controller.o
 .debug_macro   0x000000000002540c       0x71 ./Core/Src/microstep_driver_controller.o
 .debug_macro   0x000000000002547d       0x16 ./Core/Src/microstep_driver_controller.o
 .debug_macro   0x0000000000025493      0x12a ./Core/Src/microstep_driver_controller.o
 .debug_macro   0x00000000000255bd      0x364 ./Core/Src/microstep_driver_controller.o
 .debug_macro   0x0000000000025921       0x16 ./Core/Src/microstep_driver_controller.o
 .debug_macro   0x0000000000025937       0x29 ./Core/Src/microstep_driver_controller.o
 .debug_macro   0x0000000000025960       0x1c ./Core/Src/microstep_driver_controller.o
 .debug_macro   0x000000000002597c       0xde ./Core/Src/microstep_driver_controller.o
 .debug_macro   0x0000000000025a5a       0x10 ./Core/Src/microstep_driver_controller.o
 .debug_macro   0x0000000000025a6a      0x120 ./Core/Src/microstep_driver_controller.o
 .debug_macro   0x0000000000025b8a      0x215 ./Core/Src/stm32f7xx_hal_msp.o
 .debug_macro   0x0000000000025d9f      0xa78 ./Core/Src/stm32f7xx_hal_msp.o
 .debug_macro   0x0000000000026817     0x12cd ./Core/Src/stm32f7xx_hal_msp.o
 .debug_macro   0x0000000000027ae4      0x174 ./Core/Src/stm32f7xx_hal_msp.o
 .debug_macro   0x0000000000027c58      0x21f ./Core/Src/stm32f7xx_it.o
 .debug_macro   0x0000000000027e77      0x206 ./Core/Src/system_stm32f7xx.o
 .debug_macro   0x000000000002807d      0x22a ./Drivers/STM32F7xx_HAL_Driver/Src/stm32f7xx_hal.o
 .debug_macro   0x00000000000282a7      0x206 ./Drivers/STM32F7xx_HAL_Driver/Src/stm32f7xx_hal_cortex.o
 .debug_macro   0x00000000000284ad      0x20c ./Drivers/STM32F7xx_HAL_Driver/Src/stm32f7xx_hal_gpio.o
 .debug_macro   0x00000000000286b9      0x212 ./Drivers/STM32F7xx_HAL_Driver/Src/stm32f7xx_hal_pcd.o
 .debug_macro   0x00000000000288cb      0x206 ./Drivers/STM32F7xx_HAL_Driver/Src/stm32f7xx_hal_pcd_ex.o
 .debug_macro   0x0000000000028ad1      0x224 ./Drivers/STM32F7xx_HAL_Driver/Src/stm32f7xx_hal_pwr.o
 .debug_macro   0x0000000000028cf5      0x22a ./Drivers/STM32F7xx_HAL_Driver/Src/stm32f7xx_hal_rcc.o
 .debug_macro   0x0000000000028f1f      0x206 ./Drivers/STM32F7xx_HAL_Driver/Src/stm32f7xx_hal_rcc_ex.o
 .debug_macro   0x0000000000029125      0x207 ./Drivers/STM32F7xx_HAL_Driver/Src/stm32f7xx_hal_tim.o
 .debug_macro   0x000000000002932c      0x206 ./Drivers/STM32F7xx_HAL_Driver/Src/stm32f7xx_hal_tim_ex.o
 .debug_macro   0x0000000000029532      0x223 ./Drivers/STM32F7xx_HAL_Driver/Src/stm32f7xx_hal_uart.o
 .debug_macro   0x0000000000029755      0x206 ./Drivers/STM32F7xx_HAL_Driver/Src/stm32f7xx_ll_usb.o

.debug_line     0x0000000000000000    0x13f63
 .debug_line    0x0000000000000000      0xcbb ./Core/Src/main.o
 .debug_line    0x0000000000000cbb     0x1154 ./Core/Src/microstep_driver_controller.o
 .debug_line    0x0000000000001e0f      0x832 ./Core/Src/stm32f7xx_hal_msp.o
 .debug_line    0x0000000000002641      0x7f0 ./Core/Src/stm32f7xx_it.o
 .debug_line    0x0000000000002e31      0x7ad ./Core/Src/system_stm32f7xx.o
 .debug_line    0x00000000000035de       0x88 ./Core/Startup/startup_stm32f746zgtx.o
 .debug_line    0x0000000000003666      0xa3e ./Drivers/STM32F7xx_HAL_Driver/Src/stm32f7xx_hal.o
 .debug_line    0x00000000000040a4      0xcc4 ./Drivers/STM32F7xx_HAL_Driver/Src/stm32f7xx_hal_cortex.o
 .debug_line    0x0000000000004d68      0xbb2 ./Drivers/STM32F7xx_HAL_Driver/Src/stm32f7xx_hal_gpio.o
 .debug_line    0x000000000000591a     0x1489 ./Drivers/STM32F7xx_HAL_Driver/Src/stm32f7xx_hal_pcd.o
 .debug_line    0x0000000000006da3      0x83f ./Drivers/STM32F7xx_HAL_Driver/Src/stm32f7xx_hal_pcd_ex.o
 .debug_line    0x00000000000075e2      0x942 ./Drivers/STM32F7xx_HAL_Driver/Src/stm32f7xx_hal_pwr.o
 .debug_line    0x0000000000007f24      0xe81 ./Drivers/STM32F7xx_HAL_Driver/Src/stm32f7xx_hal_rcc.o
 .debug_line    0x0000000000008da5      0xe3a ./Drivers/STM32F7xx_HAL_Driver/Src/stm32f7xx_hal_rcc_ex.o
 .debug_line    0x0000000000009bdf     0x3c62 ./Drivers/STM32F7xx_HAL_Driver/Src/stm32f7xx_hal_tim.o
 .debug_line    0x000000000000d841     0x1b3a ./Drivers/STM32F7xx_HAL_Driver/Src/stm32f7xx_hal_tim_ex.o
 .debug_line    0x000000000000f37b     0x30f2 ./Drivers/STM32F7xx_HAL_Driver/Src/stm32f7xx_hal_uart.o
 .debug_line    0x000000000001246d     0x1af6 ./Drivers/STM32F7xx_HAL_Driver/Src/stm32f7xx_ll_usb.o

.debug_str      0x0000000000000000    0xf7949
 .debug_str     0x0000000000000000    0xed8c6 ./Core/Src/main.o
                                      0xee494 (size before relaxing)
 .debug_str     0x00000000000ed8c6     0x5bbb ./Core/Src/microstep_driver_controller.o
                                      0xf2e57 (size before relaxing)
 .debug_str     0x00000000000f3481      0x510 ./Core/Src/stm32f7xx_hal_msp.o
                                      0xeabf3 (size before relaxing)
 .debug_str     0x00000000000f3991       0xc9 ./Core/Src/stm32f7xx_it.o
                                      0xe9c49 (size before relaxing)
 .debug_str     0x00000000000f3a5a      0x1a4 ./Core/Src/system_stm32f7xx.o
                                      0xe9998 (size before relaxing)
 .debug_str     0x00000000000f3bfe       0x36 ./Core/Startup/startup_stm32f746zgtx.o
                                         0x59 (size before relaxing)
 .debug_str     0x00000000000f3c34      0x955 ./Drivers/STM32F7xx_HAL_Driver/Src/stm32f7xx_hal.o
                                      0xea301 (size before relaxing)
 .debug_str     0x00000000000f4589      0x339 ./Drivers/STM32F7xx_HAL_Driver/Src/stm32f7xx_hal_cortex.o
                                      0xea2ec (size before relaxing)
 .debug_str     0x00000000000f48c2      0x105 ./Drivers/STM32F7xx_HAL_Driver/Src/stm32f7xx_hal_gpio.o
                                      0xe9a56 (size before relaxing)
 .debug_str     0x00000000000f49c7      0x832 ./Drivers/STM32F7xx_HAL_Driver/Src/stm32f7xx_hal_pcd.o
                                      0xea3b5 (size before relaxing)
 .debug_str     0x00000000000f51f9      0x12d ./Drivers/STM32F7xx_HAL_Driver/Src/stm32f7xx_hal_pcd_ex.o
                                      0xe9cb6 (size before relaxing)
 .debug_str     0x00000000000f5326      0x2ac ./Drivers/STM32F7xx_HAL_Driver/Src/stm32f7xx_hal_pwr.o
                                      0xe9c39 (size before relaxing)
 .debug_str     0x00000000000f55d2      0x228 ./Drivers/STM32F7xx_HAL_Driver/Src/stm32f7xx_hal_rcc.o
                                      0xe9cfa (size before relaxing)
 .debug_str     0x00000000000f57fa      0x14f ./Drivers/STM32F7xx_HAL_Driver/Src/stm32f7xx_hal_rcc_ex.o
                                      0xe9c32 (size before relaxing)
 .debug_str     0x00000000000f5949      0xe40 ./Drivers/STM32F7xx_HAL_Driver/Src/stm32f7xx_hal_tim.o
                                      0xeacab (size before relaxing)
 .debug_str     0x00000000000f6789      0x4dc ./Drivers/STM32F7xx_HAL_Driver/Src/stm32f7xx_hal_tim_ex.o
                                      0xea501 (size before relaxing)
 .debug_str     0x00000000000f6c65      0x884 ./Drivers/STM32F7xx_HAL_Driver/Src/stm32f7xx_hal_uart.o
                                      0xea647 (size before relaxing)
 .debug_str     0x00000000000f74e9      0x460 ./Drivers/STM32F7xx_HAL_Driver/Src/stm32f7xx_ll_usb.o
                                      0xea23b (size before relaxing)

.comment        0x0000000000000000       0x50
 .comment       0x0000000000000000       0x50 ./Core/Src/main.o
                                         0x51 (size before relaxing)
 .comment       0x0000000000000050       0x51 ./Core/Src/microstep_driver_controller.o
 .comment       0x0000000000000050       0x51 ./Core/Src/stm32f7xx_hal_msp.o
 .comment       0x0000000000000050       0x51 ./Core/Src/stm32f7xx_it.o
 .comment       0x0000000000000050       0x51 ./Core/Src/system_stm32f7xx.o
 .comment       0x0000000000000050       0x51 ./Drivers/STM32F7xx_HAL_Driver/Src/stm32f7xx_hal.o
 .comment       0x0000000000000050       0x51 ./Drivers/STM32F7xx_HAL_Driver/Src/stm32f7xx_hal_cortex.o
 .comment       0x0000000000000050       0x51 ./Drivers/STM32F7xx_HAL_Driver/Src/stm32f7xx_hal_gpio.o
 .comment       0x0000000000000050       0x51 ./Drivers/STM32F7xx_HAL_Driver/Src/stm32f7xx_hal_pcd.o
 .comment       0x0000000000000050       0x51 ./Drivers/STM32F7xx_HAL_Driver/Src/stm32f7xx_hal_pcd_ex.o
 .comment       0x0000000000000050       0x51 ./Drivers/STM32F7xx_HAL_Driver/Src/stm32f7xx_hal_pwr.o
 .comment       0x0000000000000050       0x51 ./Drivers/STM32F7xx_HAL_Driver/Src/stm32f7xx_hal_rcc.o
 .comment       0x0000000000000050       0x51 ./Drivers/STM32F7xx_HAL_Driver/Src/stm32f7xx_hal_rcc_ex.o
 .comment       0x0000000000000050       0x51 ./Drivers/STM32F7xx_HAL_Driver/Src/stm32f7xx_hal_tim.o
 .comment       0x0000000000000050       0x51 ./Drivers/STM32F7xx_HAL_Driver/Src/stm32f7xx_hal_tim_ex.o
 .comment       0x0000000000000050       0x51 ./Drivers/STM32F7xx_HAL_Driver/Src/stm32f7xx_hal_uart.o
 .comment       0x0000000000000050       0x51 ./Drivers/STM32F7xx_HAL_Driver/Src/stm32f7xx_ll_usb.o

.debug_frame    0x0000000000000000     0x4544
 .debug_frame   0x0000000000000000       0xec ./Core/Src/main.o
 .debug_frame   0x00000000000000ec      0x108 ./Core/Src/microstep_driver_controller.o
 .debug_frame   0x00000000000001f4      0x120 ./Core/Src/stm32f7xx_hal_msp.o
 .debug_frame   0x0000000000000314      0x104 ./Core/Src/stm32f7xx_it.o
 .debug_frame   0x0000000000000418       0x58 ./Core/Src/system_stm32f7xx.o
 .debug_frame   0x0000000000000470      0x3b4 ./Drivers/STM32F7xx_HAL_Driver/Src/stm32f7xx_hal.o
 .debug_frame   0x0000000000000824      0x498 ./Drivers/STM32F7xx_HAL_Driver/Src/stm32f7xx_hal_cortex.o
 .debug_frame   0x0000000000000cbc      0x14c ./Drivers/STM32F7xx_HAL_Driver/Src/stm32f7xx_hal_gpio.o
 .debug_frame   0x0000000000000e08      0x5bc ./Drivers/STM32F7xx_HAL_Driver/Src/stm32f7xx_hal_pcd.o
 .debug_frame   0x00000000000013c4      0x100 ./Drivers/STM32F7xx_HAL_Driver/Src/stm32f7xx_hal_pcd_ex.o
 .debug_frame   0x00000000000014c4      0x254 ./Drivers/STM32F7xx_HAL_Driver/Src/stm32f7xx_hal_pwr.o
 .debug_frame   0x0000000000001718      0x1f8 ./Drivers/STM32F7xx_HAL_Driver/Src/stm32f7xx_hal_rcc.o
 .debug_frame   0x0000000000001910      0x118 ./Drivers/STM32F7xx_HAL_Driver/Src/stm32f7xx_hal_rcc_ex.o
 .debug_frame   0x0000000000001a28     0x121c ./Drivers/STM32F7xx_HAL_Driver/Src/stm32f7xx_hal_tim.o
 .debug_frame   0x0000000000002c44      0x688 ./Drivers/STM32F7xx_HAL_Driver/Src/stm32f7xx_hal_tim_ex.o
 .debug_frame   0x00000000000032cc      0x9e4 ./Drivers/STM32F7xx_HAL_Driver/Src/stm32f7xx_hal_uart.o
 .debug_frame   0x0000000000003cb0      0x7e8 ./Drivers/STM32F7xx_HAL_Driver/Src/stm32f7xx_ll_usb.o
 .debug_frame   0x0000000000004498       0x2c c:/st/stm32cubeide_1.10.1/stm32cubeide/plugins/com.st.stm32cube.ide.mcu.externaltools.gnu-tools-for-stm32.10.3-2021.10.win32_1.0.0.202111181127/tools/bin/../lib/gcc/arm-none-eabi/10.3.1/../../../../arm-none-eabi/lib/thumb/v7e-m+fp/hard\libc_nano.a(lib_a-init.o)
 .debug_frame   0x00000000000044c4       0x20 c:/st/stm32cubeide_1.10.1/stm32cubeide/plugins/com.st.stm32cube.ide.mcu.externaltools.gnu-tools-for-stm32.10.3-2021.10.win32_1.0.0.202111181127/tools/bin/../lib/gcc/arm-none-eabi/10.3.1/../../../../arm-none-eabi/lib/thumb/v7e-m+fp/hard\libc_nano.a(lib_a-memset.o)
 .debug_frame   0x00000000000044e4       0x2c c:/st/stm32cubeide_1.10.1/stm32cubeide/plugins/com.st.stm32cube.ide.mcu.externaltools.gnu-tools-for-stm32.10.3-2021.10.win32_1.0.0.202111181127/tools/bin/../lib/gcc/arm-none-eabi/10.3.1/thumb/v7e-m+fp/hard\libgcc.a(_aeabi_uldivmod.o)
 .debug_frame   0x0000000000004510       0x34 c:/st/stm32cubeide_1.10.1/stm32cubeide/plugins/com.st.stm32cube.ide.mcu.externaltools.gnu-tools-for-stm32.10.3-2021.10.win32_1.0.0.202111181127/tools/bin/../lib/gcc/arm-none-eabi/10.3.1/thumb/v7e-m+fp/hard\libgcc.a(_udivmoddi4.o)
